8
0
1 2
49 49
- - - - - - - - - - - - 1 - - - - - - - - - - - - - - - - - - - - - - - 2 - - - - - - - - - - - -
- - - - - - - - - - - - x x - - - - - - - - - 0 0 0 0 - - - - - - - - x x - - - - - - - - - - - -
- - - - - - - - - - - - x 0 x - - - - - - - 0 - - - - - - - - - - - x 0 x - - - - - - - - - - - -
- - - - - - - - - - - - x 0 0 x - - - - - - i - - - - - - - - - - x 0 0 x - - - - - - - - - - - -
- - - - - - - - - - - - x 0 0 0 x - - - - - - 0 0 0 - - - - - - x 0 0 0 x - - - - - - - - - - - -
- - - - - - - - - - - - x 0 0 0 0 x - - - - - - - - 0 - - - - x 0 0 0 0 x - - - - - - - - - - - -
- - - - - - - - - - - - x 0 0 0 0 0 x - - - - - - - 0 - - - x 0 0 0 0 0 x - - - - - - - - - - - -
- - - - - - - - - - - - x 0 0 0 0 0 0 x - - 0 0 0 0 - - - x 0 0 0 0 0 0 x - - - - - - - - - - - -
- - - - - - - - - - - - x 0 0 0 0 0 0 0 x - - - - - - - x 0 0 0 0 0 0 0 x - - - - - - - - - - - -
- - - - - - - - - - - - x 0 0 0 0 0 0 0 0 x - - - - - x 0 0 0 0 0 0 0 0 x - - - - - - - - - - - -
- - - - - - - - - - - - x 0 0 0 0 0 0 0 0 0 x - - - x 0 0 0 0 0 0 0 0 0 x - - - - - - - - - - - -
- - - - - - - - - - - - x 0 0 0 0 0 0 0 0 0 0 x - x 0 0 0 0 0 0 0 0 0 0 x - - - - - - - - - - - -
8 x x x x x x x x x x x b 0 0 0 0 0 0 0 0 0 0 0 c 0 0 0 0 0 0 0 0 0 0 0 b x x x x x x x x x x x 3
- x 0 0 0 0 0 0 0 0 0 0 0 0 0 0 0 0 0 0 0 0 0 0 0 0 0 0 0 0 0 0 0 0 0 0 0 0 0 0 0 0 0 0 0 0 0 x -
- - x 0 0 0 0 0 0 0 0 0 0 0 0 0 0 0 0 0 0 0 0 0 0 0 0 0 0 0 0 0 0 0 0 0 0 0 0 0 0 0 0 0 0 0 x - -
- - - x 0 0 0 0 0 0 0 0 0 0 0 0 0 0 0 0 0 0 0 0 0 0 0 0 0 0 0 0 0 0 0 0 0 0 0 0 0 0 0 0 0 x - - -
- - - - x 0 0 0 0 0 0 0 0 0 0 0 0 0 0 0 0 0 0 0 0 0 0 0 0 0 0 0 0 0 0 0 0 0 0 0 0 0 0 0 x - - - -
- - - - - x 0 0 0 0 0 0 0 0 0 0 0 0 - - - - - - 0 - - - - - - 0 0 0 0 0 0 0 0 0 0 0 0 x - - - - -
- - - - - - x 0 0 0 0 0 0 0 0 0 0 - 0 0 0 0 0 0 0 0 0 0 0 0 0 - 0 0 0 0 0 0 0 0 0 0 x - - - - - -
- - - - - - - x 0 0 0 0 0 0 0 0 0 - 0 0 0 0 0 0 0 0 0 0 0 0 0 - 0 0 0 0 0 0 0 0 0 x - - - - - - -
- - - - - - - - x 0 0 0 0 0 0 0 0 - 0 0 1 8 7 2 - 3 4 5 6 0 0 - 0 0 0 0 0 0 0 0 x - - - - - - - -
- 0 - 0 - 0 - - - x 0 0 0 0 0 0 0 - 0 0 2 3 4 5 x 6 7 8 1 0 0 - 0 0 0 0 0 0 0 x - - 0 0 0 0 0 - -
- 0 - 0 - 0 - - - - x 0 0 0 0 0 0 - 0 0 5 6 7 8 x 1 2 3 4 0 0 - 0 0 0 0 0 0 x - - - 0 - - - - 0 -
- 0 - 0 - 0 - - - - - x 0 0 0 0 0 - 0 0 8 1 2 3 x 4 5 6 7 0 0 - 0 0 0 0 0 x - - - - 0 0 - - - 0 -
- 0 - 0 - b - - - - - - c 0 0 0 0 0 0 0 - x x x x x x x - 0 0 0 0 0 0 0 c - - - - - 0 - 0 0 0 - -
- 0 - 0 - 0 - - - - - x 0 0 0 0 0 - 0 0 3 4 5 6 x 7 8 1 2 0 0 - 0 0 0 0 0 x - - - - 0 - - - - - -
- 0 - 0 - 0 - - - - x 0 0 0 0 0 0 - 0 0 6 7 8 1 x 2 3 4 7 0 0 - 0 0 0 0 0 0 x - - - 0 - - - - - -
- - 0 - 0 - - - - x 0 0 0 0 0 0 0 - 0 0 1 2 3 4 x 5 1 5 8 0 0 - 0 0 0 0 0 0 0 x - - c - - - - - -
- - - - - - - - x 0 0 0 0 0 0 0 0 - 0 0 4 5 6 7 - 8 6 2 3 0 0 - 0 0 0 0 0 0 0 0 x - - - - - - - -
- - - - - - - x 0 0 0 0 0 0 0 0 0 - 0 0 0 0 0 0 0 0 0 0 0 0 0 - 0 0 0 0 0 0 0 0 0 x - - - - - - -
- - - - - - x 0 0 0 0 0 0 0 0 0 0 - 0 0 0 0 0 0 0 0 0 0 0 0 0 - 0 0 0 0 0 0 0 0 0 0 x - - - - - -
- - - - - x 0 0 0 0 0 0 0 0 0 0 0 0 - - - - - - 0 - - - - - - 0 0 0 0 0 0 0 0 0 0 0 0 x - - - - -
- - - - x 0 0 0 0 0 0 0 0 0 0 0 0 0 0 0 0 0 0 0 0 0 0 0 0 0 0 0 0 0 0 0 0 0 0 0 0 0 0 0 x - - - -
- - - x 0 0 0 0 0 0 0 0 0 0 0 0 0 0 0 0 0 0 0 0 0 0 0 0 0 0 0 0 0 0 0 0 0 0 0 0 0 0 0 0 0 x - - -
- - x 0 0 0 0 0 0 0 0 0 0 0 0 0 0 0 0 0 0 0 0 0 0 0 0 0 0 0 0 0 0 0 0 0 0 0 0 0 0 0 0 0 0 0 x - -
- x 0 0 0 0 0 0 0 0 0 0 0 0 0 0 0 0 0 0 0 0 0 0 0 0 0 0 0 0 0 0 0 0 0 0 0 0 0 0 0 0 0 0 0 0 0 x -
7 x x x x x x x x x x x b 0 0 0 0 0 0 0 0 0 0 0 c 0 0 0 0 0 0 0 0 0 0 0 b x x x x x x x x x x x 4
- - - - - - - - - - - - x 0 0 0 0 0 0 0 0 0 0 x 0 x 0 0 0 0 0 0 0 0 0 0 x - - - - - - - - - - - -
- - - - - - - - - - - - x 0 0 0 0 0 0 0 0 0 x - 0 - x 0 0 0 0 0 0 0 0 0 x - - - - - - - - - - - -
- - - - - - - - - - - - x 0 0 0 0 0 0 0 0 x - - 0 - - x 0 0 0 0 0 0 0 0 x - - - - - - - - - - - -
- - - - - - - - - - - - x 0 0 0 0 0 0 0 x 0 0 0 0 0 0 0 x 0 0 0 0 0 0 0 x - - - - - - - - - - - -
- - - - - - - - - - - - x 0 0 0 0 0 0 x - 0 0 0 0 0 0 0 0 x 0 0 0 0 0 0 x - - - - - - - - - - - -
- - - - - - - - - - - - x 0 0 0 0 0 x - - 0 0 0 - - - 0 0 - x 0 0 0 0 0 x - - - - - - - - - - - -
- - - - - - - - - - - - x 0 0 0 0 x - - - 0 0 0 0 0 0 0 0 - - x 0 0 0 0 x - - - - - - - - - - - -
- - - - - - - - - - - - x 0 0 0 x - - - - 0 0 0 0 0 0 0 - - - - x 0 0 0 x - - - - - - - - - - - -
- - - - - - - - - - - - x 0 0 x - - - - - 0 0 0 0 0 0 0 0 - - - - x 0 0 x - - - - - - - - - - - -
- - - - - - - - - - - - x 0 x - - - - - - 0 0 0 0 0 - 0 0 0 - - - - x 0 x - - - - - - - - - - - -
- - - - - - - - - - - - x x - - - - - - - 0 0 0 0 0 - 0 0 0 0 - - - - x x - - - - - - - - - - - -
- - - - - - - - - - - - 6 - - - - - - - - 0 0 0 0 0 - - 0 0 0 - - - - - 5 - - - - - - - - - - - -
23 20 2 <-> 42 25 7
25 20 6 <-> 42 25 6
25 28 6 <-> 42 25 5
28 48 4 <-> 42 26 6
24 48 4 <-> 42 26 5