4
0
0 0
36 49
- - - - - - - - - - - - - - - - - - - - - - - - - - - - - - - - - - - - - - - - - - - - - - - - - 
- - - - - - - - - - - - - - - - 0 - - - - - - - - - - - - - - - - - - - - - - - - - - - - - - - - 
- - - - - b - 0 - - - - - - - 0 0 0 - - - - - - - 0 - b - - - - - - - - - - - - - - - - - - - - - 
- - - - - - - - - - - - - - 0 0 0 0 0 - - - - - - - - - - - - - - - - - - - - - - - - - - - - - - 
- - - - - 0 - - - - 0 - - 0 0 0 0 0 0 0 - - 0 - - - - 0 - - - - - - - - - - - - - - - - - - - - - 
- - - - - - - - - - - - 0 0 0 0 0 0 0 0 0 - - - - - - - - - - - - - - - - - - - - - - - - - - - - 
- - - - - - - 0 - - - 0 0 0 0 0 0 0 0 0 0 0 - - - 0 - - - - - - - - - - - - - - - - - - - - - - - 
- - - - - - - - - - 0 0 0 0 0 0 0 0 0 0 0 0 0 - - - - - - - - - - - - - - - - - - - - - - - - - - 
- 0 0 0 0 0 0 0 0 0 0 0 0 0 0 0 0 0 0 0 0 0 0 0 0 0 0 0 0 0 0 0 - - - - - - - - - - - - - - - - - 
- - 0 0 0 0 0 0 0 0 0 0 0 0 0 0 0 0 0 0 0 0 0 0 0 0 0 0 0 0 0 - - - - - - - - - - - - - - - - - - 
- - - 0 0 0 0 0 0 0 0 0 0 0 0 0 0 0 0 0 0 0 0 0 0 0 0 0 0 0 - - - - - - - - - - - - - - - - - - - 
- - - - 0 0 0 0 0 0 0 2 1 0 0 0 0 0 0 0 3 4 0 0 0 0 0 0 0 - - - - - - - - - - - - - - - - - - - - 
- - - - - 0 0 0 0 0 0 1 2 0 0 0 0 0 0 0 4 3 0 0 0 0 0 0 - - - - - - - - - - - - - - - - - - - - - 
- - - - - - 0 0 0 0 0 0 0 0 4 3 0 1 2 0 0 0 0 0 0 0 0 - - - - - - - - - - - - - - - - - - - - - - 
- - - - - - - 0 0 0 0 0 0 0 3 4 x 2 1 0 0 0 0 0 0 0 - - - - - - - - - - - - - - - - - - - - - - - 
- - - - - 0 - - 0 0 0 0 0 0 0 x x x 0 0 0 0 0 0 0 - - 0 - - - - - - - - - - - - - - - - - - - - - 
- - - - - - - - 0 0 0 0 0 0 4 1 x 3 2 0 0 0 0 0 0 - - - - - - - - - - - - - - - - - - - - - - - - 
- - - - 0 - - - 0 0 0 0 0 0 1 4 0 2 3 0 0 0 0 0 0 - - - 0 - - - - - - - - - - - - - - - - - - - - 
- - - - - - - - 0 0 0 0 0 0 0 0 0 0 0 0 0 0 0 0 0 - - - - - - - - - - - - - - - - - - - - - - - - 
- - 0 - - - - - 0 0 0 0 2 3 0 0 0 0 0 0 1 4 0 0 0 - - - - - 0 - - - - - - - - - - - - - - - - - - 
- - - - - - - - 0 0 0 0 3 2 0 0 0 0 0 0 4 1 0 0 0 - - - - - - - - - - - - - - - - - - - - - - - - 
- 0 - - - - - - 0 0 0 0 0 0 0 0 0 0 0 0 0 0 0 0 0 - - - - - - 0 - - - - - - - - - - - - - - - - - 
- - - - - - - - 0 0 0 0 0 0 0 0 0 0 0 0 0 0 0 0 0 - - - - - - - - - - - - - - - - - - - - - - - - 
- b - - - - - - 0 0 0 0 0 0 0 0 0 0 0 0 0 0 0 0 0 - - - - - - b - - - - - - - - - - - - - - - - - 
- - - 0 - - 0 - 0 0 0 0 0 0 0 0 - 0 0 0 0 0 0 0 0 - 0 - - 0 - - - - - - - - - - - - - - - - - - - 
- - - - - - - - 0 0 0 0 0 0 0 - - - 0 0 0 0 0 0 0 - - - - - - - - - - - - - - - - - - - - - - - - 
- - - - - - - - 0 0 0 0 0 0 - - - - - 0 0 0 0 0 0 - - - - - - - - - - - - - - - - - - - - - - - - 
- - - - - - - - 0 0 0 0 0 - - 0 - 0 - - 0 0 0 0 0 - - - - - - - - - - - - - - - - - - - - - - - - 
- - - - - - - - 0 0 0 0 - - - - - - - - - 0 0 0 0 - - - - - - - - - - - - - - - - - - - - - - - - 
- - - - - - - - 0 0 0 - - - - 0 - 0 - - - - 0 0 0 - - - - - - - - - - - - - - - - - - - - - - - - 
- - - - - - - - 0 0 - - - - - - - - - - - - - 0 0 - - - - - - - - - - - - - - - - - - - - - - - - 
- - - - - - - - 0 - - - - - - - c - - - - - - - 0 - - - - - - - - - - - - - - - - - - - - - - - - 
- - - - - - - - - - - - - - - - - - - - - - - - - - - - - - - - - - - - - - - - - - - - - - - - - 
- - - - - - - - - - - - - - - - - - - - - - - - - - - - - - - - - - - - - - - - - - - - - - - - - 
- - - - - - - - - - - - - - - - - - - - - - - - - - - - - - - - - - - - - - - - - - - - - - - - - 
- - - - - - - - - - - - - - - - - - - - - - - - - - - - - - - - - - - - - - - - - - - - - - - - x 
9 8 7 <-> 7 6 3
7 6 7 <-> 5 4 3
5 4 7 <-> 5 2 5
7 2 3 <-> 10 4 7
10 4 3 <-> 12 6 7
23 8 1 <-> 25 6 5
25 6 1 <-> 27 4 5
25 2 5 <-> 22 4 1
22 4 5 <-> 20 6 1
5 2 1 <-> 7 2 7
27 4 1 <-> 27 2 3
25 2 1 <-> 27 2 7
7 13 5 <-> 5 15 0
5 15 4 <-> 4 17 0
4 17 4 <-> 2 19 0
2 19 4 <-> 1 21 0
1 21 4 <-> 1 23 0
1 23 4 <-> 3 24 6
3 24 2 <-> 6 24 6
6 24 2 <-> 8 23 5
14 25 4 <-> 15 27 0
15 27 4 <-> 15 29 0
15 29 4 <-> 16 31 6
16 31 2 <-> 17 29 4
17 29 0 <-> 17 27 4
25 13 3 <-> 27 15 0
27 15 4 <-> 28 17 0
28 17 4 <-> 30 19 0
30 19 4 <-> 31 21 0
31 21 4 <-> 31 23 0
29 24 2 <-> 31 23 4
29 24 6 <-> 26 24 2
26 24 6 <-> 24 23 3
17 27 0 <-> 18 25 4
